+ /opt/pyvenv/bin/python -m pytest -q
.......................................................................s [ 35%]
........................................................................ [ 71%]
.........................................................                [100%]
200 passed, 1 skipped in 8.04s
+ node --test /mnt/data/l26_folio_posesoria/FISCALIZACION_L26_V27_3_9_FINAL_AUDITADA_GITHUB_2026-08-30/tests/import_rules.test.js /mnt/data/l26_folio_posesoria/FISCALIZACION_L26_V27_3_9_FINAL_AUDITADA_GITHUB_2026-08-30/tests/l26_croquis_core.test.js /mnt/data/l26_folio_posesoria/FISCALIZACION_L26_V27_3_9_FINAL_AUDITADA_GITHUB_2026-08-30/tests/l26_folio_posesoria_import.test.js /mnt/data/l26_folio_posesoria/FISCALIZACION_L26_V27_3_9_FINAL_AUDITADA_GITHUB_2026-08-30/tests/l26_integrity_core.test.js /mnt/data/l26_folio_posesoria/FISCALIZACION_L26_V27_3_9_FINAL_AUDITADA_GITHUB_2026-08-30/tests/l26_pdf_reader_core.test.js /mnt/data/l26_folio_posesoria/FISCALIZACION_L26_V27_3_9_FINAL_AUDITADA_GITHUB_2026-08-30/tests/l26_reader_apply_core.test.js /mnt/data/l26_folio_posesoria/FISCALIZACION_L26_V27_3_9_FINAL_AUDITADA_GITHUB_2026-08-30/tests/l26_requested_changes.test.js /mnt/data/l26_folio_posesoria/FISCALIZACION_L26_V27_3_9_FINAL_AUDITADA_GITHUB_2026-08-30/tests/l26_transaction_identity.test.js /mnt/data/l26_folio_posesoria/FISCALIZACION_L26_V27_3_9_FINAL_AUDITADA_GITHUB_2026-08-30/tests/l26_year_filter_core.test.js
TAP version 13
# Subtest: normaliza la identidad por folio, plano y derecho
ok 1 - normaliza la identidad por folio, plano y derecho
  ---
  duration_ms: 2.843291
  type: 'test'
  ...
# Subtest: extrae enlace desde cualquier columna
ok 2 - extrae enlace desde cualquier columna
  ---
  duration_ms: 5.283172
  type: 'test'
  ...
# Subtest: convierte fechas seriales de Excel y conserva identificaciones textuales
ok 3 - convierte fechas seriales de Excel y conserva identificaciones textuales
  ---
  duration_ms: 1.429696
  type: 'test'
  ...
# Subtest: clasifica repetición exacta y diferencias de plano o derecho
ok 4 - clasifica repetición exacta y diferencias de plano o derecho
  ---
  duration_ms: 0.844758
  type: 'test'
  ...
# Subtest: detecta campos y aplica solo valores vacíos salvo confirmación
ok 5 - detecta campos y aplica solo valores vacíos salvo confirmación
  ---
  duration_ms: 4.440105
  type: 'test'
  ...
# Subtest: encuentra encabezados después de títulos y mapea Libro2
ok 6 - encuentra encabezados después de títulos y mapea Libro2
  ---
  duration_ms: 2.039518
  type: 'test'
  ...
# Subtest: consolida todas las filas del mismo Folio aunque cambie el plano
ok 7 - consolida todas las filas del mismo Folio aunque cambie el plano
  ---
  duration_ms: 0.827234
  type: 'test'
  ...
# Subtest: un folio existente sin plano o derecho no absorbe otra combinación
ok 8 - un folio existente sin plano o derecho no absorbe otra combinación
  ---
  duration_ms: 0.280584
  type: 'test'
  ...
# Subtest: 407 filas con 47 folios se consolidan a 47 trámites por Folio
ok 9 - 407 filas con 47 folios se consolidan a 47 trámites por Folio
  ---
  duration_ms: 7.911567
  type: 'test'
  ...
# Subtest: nombra el nivel respecto de la vía y firma la diferencia observada
ok 10 - nombra el nivel respecto de la vía y firma la diferencia observada
  ---
  duration_ms: 0.952417
  type: 'test'
  ...
# Subtest: las notas del poblado se presentan como acordeón cerrado
ok 11 - las notas del poblado se presentan como acordeón cerrado
  ---
  duration_ms: 0.846403
  type: 'test'
  ...
# Subtest: el expediente abierto muestra el enlace importado y permite abrirlo
ok 12 - el expediente abierto muestra el enlace importado y permite abrirlo
  ---
  duration_ms: 133.778605
  type: 'test'
  ...
# Subtest: detectFields reconoce ubicación administrativa y tipo de trámite en texto PDF
ok 13 - detectFields reconoce ubicación administrativa y tipo de trámite en texto PDF
  ---
  duration_ms: 2.010072
  type: 'test'
  ...
# Subtest: protege trámite y valida distrito antes de aplicar lectura automática
ok 14 - protege trámite y valida distrito antes de aplicar lectura automática
  ---
  duration_ms: 1.8431
  type: 'test'
  ...
# Subtest: distrito no oficial se excluye de la actualización automática
ok 15 - distrito no oficial se excluye de la actualización automática
  ---
  duration_ms: 0.197296
  type: 'test'
  ...
# Subtest: dedupeRows consolida trámites distintos cuando comparten el mismo Folio
ok 16 - dedupeRows consolida trámites distintos cuando comparten el mismo Folio
  ---
  duration_ms: 0.24065
  type: 'test'
  ...
# Subtest: lector separa fecha de declaración y fecha de inspección y no aplica fecha genérica
ok 17 - lector separa fecha de declaración y fecha de inspección y no aplica fecha genérica
  ---
  duration_ms: 0.587305
  type: 'test'
  ...
# Subtest: factor de área solo admite normal, x2 y x1/2
ok 18 - factor de área solo admite normal, x2 y x1/2
  ---
  duration_ms: 1.659211
  type: 'test'
  ...
# Subtest: rotar 90 grados conserva distancias entre vértices
ok 19 - rotar 90 grados conserva distancias entre vértices
  ---
  duration_ms: 0.583665
  type: 'test'
  ...
# Subtest: mover polígono conserva forma y lo mantiene dentro del lienzo
ok 20 - mover polígono conserva forma y lo mantiene dentro del lienzo
  ---
  duration_ms: 0.803711
  type: 'test'
  ...
# Subtest: cota usa offset normal y línea de dimensión separada del lado
ok 21 - cota usa offset normal y línea de dimensión separada del lado
  ---
  duration_ms: 0.466223
  type: 'test'
  ...
# Subtest: etiqueta de polígono enlaza número y nombre y alterna esquina
ok 22 - etiqueta de polígono enlaza número y nombre y alterna esquina
  ---
  duration_ms: 0.462202
  type: 'test'
  ...
# Subtest: escala común conserva igual longitud visual para lados métricos iguales
ok 23 - escala común conserva igual longitud visual para lados métricos iguales
  ---
  duration_ms: 6.555698
  type: 'test'
  ...
# Subtest: escala común conserva el centro solicitado al mover un polígono cuando cabe
ok 24 - escala común conserva el centro solicitado al mover un polígono cuando cabe
  ---
  duration_ms: 2.898089
  type: 'test'
  ...
# Subtest: leyenda de polígonos usa una esquina fija independiente de la geometría
ok 25 - leyenda de polígonos usa una esquina fija independiente de la geometría
  ---
  duration_ms: 2.044339
  type: 'test'
  ...
# Subtest: escala métrica es isotrópica en un lienzo rectangular
ok 26 - escala métrica es isotrópica en un lienzo rectangular
  ---
  duration_ms: 1.292363
  type: 'test'
  ...
# Subtest: Excel consolida por Folio aunque cambien trámite, plano o derecho
ok 27 - Excel consolida por Folio aunque cambien trámite, plano o derecho
  ---
  duration_ms: 3.497079
  type: 'test'
  ...
# Subtest: JSON encuentra existente por Folio/Finca antes de crear otro trámite
ok 28 - JSON encuentra existente por Folio/Finca antes de crear otro trámite
  ---
  duration_ms: 0.593421
  type: 'test'
  ...
# Subtest: conteo de trámites usa Folio/Finca único y posesoria sin Folio cuenta individualmente
ok 29 - conteo de trámites usa Folio/Finca único y posesoria sin Folio cuenta individualmente
  ---
  duration_ms: 6.41029
  type: 'test'
  ...
# Subtest: un Folio trasladado a Gestión no se vuelve a contar como activo por un duplicado histórico
ok 30 - un Folio trasladado a Gestión no se vuelve a contar como activo por un duplicado histórico
  ---
  duration_ms: 0.702697
  type: 'test'
  ...
# Subtest: trámites distintos del mismo inmueble conservan identidades distintas
ok 31 - trámites distintos del mismo inmueble conservan identidades distintas
  ---
  duration_ms: 4.592098
  type: 'test'
  ...
# Subtest: mismo trámite con propiedades distintas conserva identidades distintas
ok 32 - mismo trámite con propiedades distintas conserva identidades distintas
  ---
  duration_ms: 1.217522
  type: 'test'
  ...
# Subtest: sin trámite usa identidad de propiedad separada de los trámites conocidos
ok 33 - sin trámite usa identidad de propiedad separada de los trámites conocidos
  ---
  duration_ms: 0.426541
  type: 'test'
  ...
# Subtest: normaliza solamente distritos oficiales de Sarapiquí
ok 34 - normaliza solamente distritos oficiales de Sarapiquí
  ---
  duration_ms: 1.353262
  type: 'test'
  ...
# Subtest: auditoría detecta documento ligado a trámite distinto y distrito sospechoso
ok 35 - auditoría detecta documento ligado a trámite distinto y distrito sospechoso
  ---
  duration_ms: 5.111231
  type: 'test'
  ...
# Subtest: recordsMayMerge rechaza mismo id cuando el trámite es distinto
ok 36 - recordsMayMerge rechaza mismo id cuando el trámite es distinto
  ---
  duration_ms: 0.667524
  type: 'test'
  ...
# Subtest: recordsMayMerge permite identidad transaccional exacta
ok 37 - recordsMayMerge permite identidad transaccional exacta
  ---
  duration_ms: 0.731023
  type: 'test'
  ...
# Subtest: auditoría detecta número de trámite del nombre de archivo diferente al caso
ok 38 - auditoría detecta número de trámite del nombre de archivo diferente al caso
  ---
  duration_ms: 0.946555
  type: 'test'
  ...
# Subtest: encuentra copia recuperable de un trámite que falta en la base actual
ok 39 - encuentra copia recuperable de un trámite que falta en la base actual
  ---
  duration_ms: 27.915135
  type: 'test'
  ...
# Subtest: no propone recuperar una identidad que ya existe exactamente
ok 40 - no propone recuperar una identidad que ya existe exactamente
  ---
  duration_ms: 2.093333
  type: 'test'
  ...
# Subtest: PDF con trámite en el nombre nunca cae a otro trámite por la misma finca
ok 41 - PDF con trámite en el nombre nunca cae a otro trámite por la misma finca
  ---
  duration_ms: 1.513897
  type: 'test'
  ...
# Subtest: PDF con trámite inexistente no se vincula a otro trámite aunque coincida la finca
ok 42 - PDF con trámite inexistente no se vincula a otro trámite aunque coincida la finca
  ---
  duration_ms: 1.025881
  type: 'test'
  ...
# Subtest: PDF de un trámite con varias propiedades usa finca o folio solo dentro del mismo trámite
ok 43 - PDF de un trámite con varias propiedades usa finca o folio solo dentro del mismo trámite
  ---
  duration_ms: 1.163137
  type: 'test'
  ...
# Subtest: rectsIntersect detecta solapamiento y descarta rectángulos separados
ok 44 - rectsIntersect detecta solapamiento y descarta rectángulos separados
  ---
  duration_ms: 2.46752
  type: 'test'
  ...
# Subtest: textFromItemsInRect ordena texto por línea y posición horizontal
ok 45 - textFromItemsInRect ordena texto por línea y posición horizontal
  ---
  duration_ms: 2.086778
  type: 'test'
  ...
# Subtest: extractTextFromPdf recorre todas las páginas y conserva saltos entre páginas
ok 46 - extractTextFromPdf recorre todas las páginas y conserva saltos entre páginas
  ---
  duration_ms: 2.044583
  type: 'test'
  ...
# Subtest: extractTextFromPdf informa PDF sin texto digital
ok 47 - extractTextFromPdf informa PDF sin texto digital
  ---
  duration_ms: 0.515153
  type: 'test'
  ...
# Subtest: PDF fill-missing mode does not replace existing values
ok 48 - PDF fill-missing mode does not replace existing values
  ---
  duration_ms: 1.789672
  type: 'test'
  ...
# Subtest: web reader mode may apply detected values to non-protected fields
ok 49 - web reader mode may apply detected values to non-protected fields
  ---
  duration_ms: 0.337677
  type: 'test'
  ...
# Subtest: management supports independent notified and registered states
ok 50 - management supports independent notified and registered states
  ---
  duration_ms: 2.63823
  type: 'test'
  ...
# Subtest: management color priority is blue for action, red for >1 year without action, yellow otherwise
ok 51 - management color priority is blue for action, red for >1 year without action, yellow otherwise
  ---
  duration_ms: 0.486235
  type: 'test'
  ...
# Subtest: management filters notified and registered independently
ok 52 - management filters notified and registered independently
  ---
  duration_ms: 0.553329
  type: 'test'
  ...
# Subtest: districts render sentence case and compare regardless case/articles
ok 53 - districts render sentence case and compare regardless case/articles
  ---
  duration_ms: 0.715958
  type: 'test'
  ...
# Subtest: places render title case and compare articles as equivalent
ok 54 - places render title case and compare articles as equivalent
  ---
  duration_ms: 5.472323
  type: 'test'
  ...
# Subtest: empty district is inferred only when same place has one district
ok 55 - empty district is inferred only when same place has one district
  ---
  duration_ms: 1.939564
  type: 'test'
  ...
# Subtest: ambiguous same place does not infer a district
ok 56 - ambiguous same place does not infer a district
  ---
  duration_ms: 0.555837
  type: 'test'
  ...
# Subtest: active count is total minus cases transferred to management
ok 57 - active count is total minus cases transferred to management
  ---
  duration_ms: 0.252836
  type: 'test'
  ...
# Subtest: invalid district evidence is not propagated into empty cases
ok 58 - invalid district evidence is not propagated into empty cases
  ---
  duration_ms: 0.862111
  type: 'test'
  ...
# Subtest: summary counts use total cases and subtract management cases from active
ok 59 - summary counts use total cases and subtract management cases from active
  ---
  duration_ms: 2.763267
  type: 'test'
  ...
# Subtest: management overdue age ignores workflow completed stage and depends only on chronology date
ok 60 - management overdue age ignores workflow completed stage and depends only on chronology date
  ---
  duration_ms: 0.620571
  type: 'test'
  ...
# Subtest: misma propiedad con trámites distintos se consolida por Folio
ok 61 - misma propiedad con trámites distintos se consolida por Folio
  ---
  duration_ms: 2.621528
  type: 'test'
  ...
# Subtest: repetición exacta de trámite y propiedad sí se consolida
ok 62 - repetición exacta de trámite y propiedad sí se consolida
  ---
  duration_ms: 0.48771
  type: 'test'
  ...
# Subtest: mismo trámite con propiedades distintas conserva registros distintos
ok 63 - mismo trámite con propiedades distintas conserva registros distintos
  ---
  duration_ms: 0.378882
  type: 'test'
  ...
# Subtest: caseTramiteYear obtiene el año del número de trámite
ok 64 - caseTramiteYear obtiene el año del número de trámite
  ---
  duration_ms: 4.187927
  type: 'test'
  ...
# Subtest: yearEntries ordena años recientes primero y conserva Sin año
ok 65 - yearEntries ordena años recientes primero y conserva Sin año
  ---
  duration_ms: 2.579324
  type: 'test'
  ...
# Subtest: filterByYear limita los casos al año de trámite seleccionado
ok 66 - filterByYear limita los casos al año de trámite seleccionado
  ---
  duration_ms: 0.589
  type: 'test'
  ...
1..66
# tests 66
# suites 0
# pass 66
# fail 0
# cancelled 0
# skipped 0
# todo 0
# duration_ms 885.090663
+ node --test /mnt/data/l26_folio_posesoria/FISCALIZACION_L26_V27_3_9_FINAL_AUDITADA_GITHUB_2026-08-30/desktop/test/config.test.js /mnt/data/l26_folio_posesoria/FISCALIZACION_L26_V27_3_9_FINAL_AUDITADA_GITHUB_2026-08-30/desktop/test/internal-reader.test.js /mnt/data/l26_folio_posesoria/FISCALIZACION_L26_V27_3_9_FINAL_AUDITADA_GITHUB_2026-08-30/desktop/test/pwa-desktop-handoff.test.js /mnt/data/l26_folio_posesoria/FISCALIZACION_L26_V27_3_9_FINAL_AUDITADA_GITHUB_2026-08-30/desktop/test/server.test.js
TAP version 13
# Subtest: Electron main process keeps L-26 isolated from Node
ok 1 - Electron main process keeps L-26 isolated from Node
  ---
  duration_ms: 3.015786
  type: 'test'
  ...
# Subtest: Electron main process starts loopback server and protects navigation
ok 2 - Electron main process starts loopback server and protects navigation
  ---
  duration_ms: 0.982039
  type: 'test'
  ...
# Subtest: Electron keeps a single instance so the IndexedDB origin stays stable
ok 3 - Electron keeps a single instance so the IndexedDB origin stays stable
  ---
  duration_ms: 0.760982
  type: 'test'
  ...
# Subtest: desktop provides an isolated internal web reader instead of forcing every https link external
ok 4 - desktop provides an isolated internal web reader instead of forcing every https link external
  ---
  duration_ms: 2.715798
  type: 'test'
  ...
# Subtest: main app preload exposes narrow open/read APIs through contextBridge
ok 5 - main app preload exposes narrow open/read APIs through contextBridge
  ---
  duration_ms: 0.756963
  type: 'test'
  ...
# Subtest: reader toolbar supports navigation, page read, area read and close
ok 6 - reader toolbar supports navigation, page read, area read and close
  ---
  duration_ms: 0.747525
  type: 'test'
  ...
# Subtest: desktop package includes the preload and reader runtime files
ok 7 - desktop package includes the preload and reader runtime files
  ---
  duration_ms: 0.584976
  type: 'test'
  ...
# Subtest: Windows installer registers l26-reader protocol for Electron
ok 8 - Windows installer registers l26-reader protocol for Electron
  ---
  duration_ms: 2.54054
  type: 'test'
  ...
# Subtest: Windows Web/PWA invokes installed Electron reader instead of browser fallback
ok 9 - Windows Web/PWA invokes installed Electron reader instead of browser fallback
  ---
  duration_ms: 15.245606
  type: 'test'
  ...
# Subtest: main process decodes exact Metro login URL from deep link
ok 10 - main process decodes exact Metro login URL from deep link
  ---
  duration_ms: 2.44886
  type: 'test'
  ...
# Subtest: serves index.html only on loopback with expected content type
ok 11 - serves index.html only on loopback with expected content type
  ---
  duration_ms: 137.322094
  type: 'test'
  ...
# Subtest: serves JSON and disables cache for service worker
ok 12 - serves JSON and disables cache for service worker
  ---
  duration_ms: 29.14504
  type: 'test'
  ...
# Subtest: returns 404 for missing files
ok 13 - returns 404 for missing files
  ---
  duration_ms: 20.594775
  type: 'test'
  ...
# Subtest: rejects encoded path traversal outside root
ok 14 - rejects encoded path traversal outside root
  ---
  duration_ms: 15.285535
  type: 'test'
  ...
1..14
# tests 14
# suites 0
# pass 14
# fail 0
# cancelled 0
# skipped 0
# todo 0
# duration_ms 759.184015
L26 CI gate: PASS
